[eliminadordeansiedade.com/index.html]
[backblue.gif]
[fade.gif]
[index.html]
[eliminadordeansiedade.com/wp-content/uploads/2020/05/5ec34c5f2e1c2.png]
[eliminadordeansiedade.com/wp-content/plugins/op-builder/public/assets/cache/page-677.css]
[eliminadordeansiedade.com/wp-includes/js/jquery/jquery.js]
[eliminadordeansiedade.com/wp-includes/js/jquery/jquery-migrate.min.js]
[eliminadordeansiedade.com/feed/index.html]
[eliminadordeansiedade.com/wp-includes/wlwmanifest.xml]
[eliminadordeansiedade.com/comments/feed/index.html]
[eliminadordeansiedade.com/wp-json/oembed/1.0/embedbf29.json]
[eliminadordeansiedade.com/wp-json/index.html]
[eliminadordeansiedade.com/wp-json/oembed/1.0/embed99cf]
[connect.facebook.net/en_US/fbevents.js]
[eliminadordeansiedade.com/wp-content/uploads/2020/05/Background-youtube-3.png]
[eliminadordeansiedade.com/wp-content/plugins/notificacoes-da-escassez/assets/css/lobibox.css]
[eliminadordeansiedade.com/wp-content/plugins/notificacoes-da-escassez/assets/css/animate.css]
[ajax.googleapis.com/ajax/libs/jquery/3.1.1/jquery.min.js]
[eliminadordeansiedade.com/wp-content/plugins/notificacoes-da-escassez/assets/js/lobibox.js]
[eliminadordeansiedade.com/wp-content/plugins/notificacoes-da-escassez/assets/js/notifications.js]
[cdnjs.cloudflare.com/ajax/libs/js-cookie/2.2.0/js.cookie.min.js]
[cdnjs.cloudflare.com/ajax/libs/mobile-detect/1.4.4/mobile-detect.min.js]
[eliminadordeansiedade.com/wp-content/uploads/2020/05/img10.png]
[eliminadordeansiedade.com/wp-content/uploads/2020/05/img11.png]
[eliminadordeansiedade.com/wp-content/uploads/2020/05/img12.png]
[eliminadordeansiedade.com/wp-content/uploads/2020/05/img13.png]
[eliminadordeansiedade.com/wp-content/uploads/2020/05/KIT-COMPLETO2-1.png]
[eliminadordeansiedade.com/wp-content/uploads/2020/05/KIT-COMPLETO2-mobile-2.png]
[eliminadordeansiedade.com/wp-content/uploads/2020/05/Sua-Ansiedade-Abaixo-de-Zero-T2.png]
[eliminadordeansiedade.com/wp-content/uploads/2020/05/Sua-Ansiedade-Abaixo-de-Zero-mobile-1.png]
[eliminadordeansiedade.com/wp-content/uploads/2020/05/Pílulas-Da-Anti-Ansiedade-T2.png]
[eliminadordeansiedade.com/wp-content/uploads/2020/05/Pílulas-Da-Anti-Ansiedade-mobile-1.png]
[eliminadordeansiedade.com/wp-content/uploads/2020/05/Profunda-Paz-Interior-T2.png]
[eliminadordeansiedade.com/wp-content/uploads/2020/05/Profunda-Paz-Interior-mobile.png]
[eliminadordeansiedade.com/wp-content/uploads/2020/05/A-Cura-do-Corpo-e-da-Alma-T2.png]
[eliminadordeansiedade.com/wp-content/uploads/2020/05/A-Cura-do-Corpo-e-da-Alma-mobile.png]
[eliminadordeansiedade.com/wp-content/uploads/2020/05/cerebro-1.jpg]
[eliminadordeansiedade.com/wp-content/uploads/2020/05/hemisfério-sync.png]
[eliminadordeansiedade.com/wp-content/uploads/2020/05/ebook.png]
[eliminadordeansiedade.com/wp-content/uploads/2020/05/Checklist.png]
[eliminadordeansiedade.com/wp-content/uploads/2020/05/Mapa-Mental.png]
[eliminadordeansiedade.com/wp-content/uploads/2020/05/EA-Depoimento2.png]
[eliminadordeansiedade.com/wp-content/uploads/2020/05/EA-Depoimento1.png]
[eliminadordeansiedade.com/wp-content/uploads/2020/05/EA-Depoimento3.png]
[eliminadordeansiedade.com/wp-content/uploads/2020/05/EA-Depoimento4.png]
[eliminadordeansiedade.com/wp-content/uploads/2020/05/EA-Depoimento5.png]
[eliminadordeansiedade.com/wp-content/uploads/2020/05/email2.png]
[eliminadordeansiedade.com/wp-content/uploads/2020/05/garantia-1.png]
[eliminadordeansiedade.com/wp-content/uploads/2020/05/banner-preco-3.png]
[eliminadordeansiedade.com/wp-content/uploads/2020/05/banner-preco-3-mobile-1.png]
[eliminadordeansiedade.com/wp-content/uploads/2020/05/icones-de-proteção-preto.png]
[eliminadordeansiedade.com/wp-content/uploads/2020/05/icones-de-proteção-preto-mobile-1.png]
[eliminadordeansiedade.com/wp-content/uploads/2020/05/google2-min.png]
[eliminadordeansiedade.com/cdn-cgi/l/email-protection.html]
[eliminadordeansiedade.com/cdn-cgi/scripts/5c5dd728/cloudflare-static/email-decode.min.js]
[eliminadordeansiedade.com/politica-de-privacidade/index.html]
[eliminadordeansiedade.com/wp-content/plugins/op-builder/public/assets/cache/page-677.js]
[eliminadordeansiedade.com/wp-includes/js/wp-embed.min.js]
[eliminadordeansiedade.com/termos-de-uso/index.html]
[eliminadordeansiedade.com/index.html]
[code.jquery.com/jquery-3.2.1.min.js]
[eliminadordeansiedade.com/wp-content/plugins/op-builder/public/assets/fonts/op3-icons585b.eot]
[eliminadordeansiedade.com/wp-content/plugins/op-builder/public/assets/fonts/op3-icons585b.woff]
[eliminadordeansiedade.com/wp-content/plugins/op-builder/public/assets/fonts/op3-icons585b.ttf]
[eliminadordeansiedade.com/wp-content/plugins/op-builder/public/assets/fonts/op3-icons585b.svg]
[eliminadordeansiedade.com/wp-content/uploads/2020/05/background2.png]
[eliminadordeansiedade.com/wp-content/plugins/op-builder/public/assets/cache/page-677.css]
[eliminadordeansiedade.com/index0db0.html]
[eliminadordeansiedade.com/POST]
[connect.facebook.net/en_US/fbevents.js]
[eliminadordeansiedade.com/wp-content/plugins/notificacoes-da-escassez/assets/css/lobibox.css]
[eliminadordeansiedade.com/wp-content/plugins/notificacoes-da-escassez/assets/css/animate.css]
[eliminadordeansiedade.com/cdn-cgi/l/email-protection.html]
[eliminadordeansiedade.com/wp-content/plugins/op-builder/public/assets/cache/page-619.css]
[eliminadordeansiedade.com/wp-json/oembed/1.0/embed59ff.json]
[eliminadordeansiedade.com/wp-json/oembed/1.0/embed944e]
[eliminadordeansiedade.com/wp-content/plugins/op-builder/public/assets/cache/page-619.js]
[eliminadordeansiedade.com/politica-de-privacidade/index.html]
[eliminadordeansiedade.com/wp-content/plugins/op-builder/public/assets/cache/page-622.css]
[eliminadordeansiedade.com/wp-json/oembed/1.0/embed2666.json]
[eliminadordeansiedade.com/wp-json/oembed/1.0/embed2837]
[eliminadordeansiedade.com/termos-de-uso/index.html]
[eliminadordeansiedade.com/wp-content/plugins/op-builder/public/assets/fonts/op3-icons585b.html]
[eliminadordeansiedade.com/wp-content/plugins/op-builder/public/assets/cache/page-622.js]
[eliminadordeansiedade.com/wp-content/plugins/op-builder/public/assets/fonts/op3-icons585b.svg]
[eliminadordeansiedade.com/POST.html]
[eliminadordeansiedade.com/wp-content/plugins/op-builder/public/assets/cache/page-619.css]
[eliminadordeansiedade.com/index7867.html]
[eliminadordeansiedade.com/wp-content/plugins/op-builder/public/assets/cache/page-622.css]
[eliminadordeansiedade.com/index7033.html]
